src/gemini/BrainConnection.ts(10,24): error TS6059: File 'C:/Users/Excel/Desktop/Github Projects/Beevo/shared/constants.ts' is not under 'rootDir' 'C:/Users/Excel/Desktop/Github Projects/Beevo/server/src'. 'rootDir' is expected to contain all source files.
  The file is in the program because:
    Imported via '../../../shared/constants' from file 'C:/Users/Excel/Desktop/Github Projects/Beevo/server/src/gemini/BrainConnection.ts'
    Imported via '../../../shared/constants' from file 'C:/Users/Excel/Desktop/Github Projects/Beevo/server/src/services/ExecutionEngine.ts'
    Imported via '../../../shared/constants' from file 'C:/Users/Excel/Desktop/Github Projects/Beevo/server/src/gemini/LiveConnection.ts'
    Imported via '../../shared/constants' from file 'C:/Users/Excel/Desktop/Github Projects/Beevo/server/src/index.ts'
    Imported via '../../../shared/constants' from file 'C:/Users/Excel/Desktop/Github Projects/Beevo/server/src/services/fallback.ts'
    Imported via '../../../shared/constants' from file 'C:/Users/Excel/Desktop/Github Projects/Beevo/server/src/utils/BrandExtractor.ts'
src/gemini/BrainConnection.ts(11,31): error TS6059: File 'C:/Users/Excel/Desktop/Github Projects/Beevo/shared/messages.ts' is not under 'rootDir' 'C:/Users/Excel/Desktop/Github Projects/Beevo/server/src'. 'rootDir' is expected to contain all source files.
  The file is in the program because:
    Imported via '../../../shared/messages' from file 'C:/Users/Excel/Desktop/Github Projects/Beevo/server/src/gemini/BrainConnection.ts'
    Imported via '../../../shared/messages' from file 'C:/Users/Excel/Desktop/Github Projects/Beevo/server/src/gemini/ToolHandler.ts'
    Imported via '../../../shared/messages' from file 'C:/Users/Excel/Desktop/Github Projects/Beevo/server/src/gemini/LiveConnection.ts'
    Imported via '../../../shared/messages' from file 'C:/Users/Excel/Desktop/Github Projects/Beevo/server/src/state/BrandStateManager.ts'
    Imported via '../../../shared/messages' from file 'C:/Users/Excel/Desktop/Github Projects/Beevo/server/src/sessions/SessionManager.ts'
src/gemini/BrainConnection.ts(523,46): error TS2339: Property 'colors' does not exist on type 'Partial<BrandDNA>'.
src/gemini/BrainConnection.ts(523,63): error TS2339: Property 'colors' does not exist on type 'Partial<BrandDNA>'.
src/gemini/BrainConnection.ts(523,86): error TS2339: Property 'colors' does not exist on type 'Partial<BrandDNA>'.
src/gemini/BrainConnection.ts(524,45): error TS2339: Property 'typography' does not exist on type 'Partial<BrandDNA>'.
src/gemini/BrainConnection.ts(524,66): error TS2339: Property 'typography' does not exist on type 'Partial<BrandDNA>'.
src/gemini/BrainConnection.ts(524,93): error TS2339: Property 'typography' does not exist on type 'Partial<BrandDNA>'.
src/gemini/BrainConnection.ts(583,94): error TS2339: Property 'colors' does not exist on type 'Partial<BrandDNA>'.
src/gemini/BrainConnection.ts(589,35): error TS2339: Property 'typography' does not exist on type 'Partial<BrandDNA>'.
src/services/StateManager.ts(138,17): error TS2353: Object literal may only specify known properties, and 'colors' does not exist in type 'BrandDNA'.
src/sessions/SessionManager.ts(279,102): error TS2339: Property 'typography' does not exist on type 'BrandDNA'.
src/sessions/SessionManager.ts(279,150): error TS2339: Property 'colors' does not exist on type 'BrandDNA'.
src/state/BrandStateManager.ts(16,13): error TS2353: Object literal may only specify known properties, and 'colors' does not exist in type 'BrandDNA'.
src/state/BrandStateManager.ts(73,26): error TS2339: Property 'colors' does not exist on type 'BrandDNA'.
src/state/BrandStateManager.ts(74,56): error TS2339: Property 'colors' does not exist on type 'BrandDNA'.
src/state/BrandStateManager.ts(78,26): error TS2339: Property 'typography' does not exist on type 'BrandDNA'.
src/state/BrandStateManager.ts(79,54): error TS2339: Property 'typography' does not exist on type 'BrandDNA'.
src/state/BrandStateManager.ts(113,26): error TS2551: Property 'logoStyle' does not exist on type 'BrandDNA'. Did you mean 'logoType'?
src/state/BrandStateManager.ts(117,26): error TS2339: Property 'logoMood' does not exist on type 'BrandDNA'.
src/utils/BrandExtractor.ts(30,20): error TS2339: Property 'trim' does not exist on type 'SelectableString'.
src/utils/BrandExtractor.ts(31,23): error TS2339: Property 'trim' does not exist on type 'SelectableString'.
src/utils/BrandExtractor.ts(32,35): error TS2339: Property 'length' does not exist on type 'SelectableArray'.
src/utils/BrandExtractor.ts(33,21): error TS2339: Property 'trim' does not exist on type 'SelectableString'.
src/utils/BrandExtractor.ts(34,23): error TS2339: Property 'trim' does not exist on type 'SelectableString'.
src/utils/BrandExtractor.ts(35,30): error TS2339: Property 'trim' does not exist on type 'SelectableArray'.
src/utils/BrandExtractor.ts(66,39): error TS2339: Property 'join' does not exist on type 'SelectableArray'.
src/utils/BrandExtractor.ts(128,49): error TS2339: Property 'trim' does not exist on type 'SelectableString'.
src/utils/BrandExtractor.ts(129,55): error TS2339: Property 'trim' does not exist on type 'SelectableString'.
src/utils/BrandExtractor.ts(130,82): error TS2339: Property 'length' does not exist on type 'SelectableArray'.
src/utils/BrandExtractor.ts(133,51): error TS2339: Property 'trim' does not exist on type 'SelectableString'.
src/utils/BrandExtractor.ts(134,55): error TS2339: Property 'trim' does not exist on type 'SelectableString'.
src/utils/BrandExtractor.ts(135,69): error TS2339: Property 'trim' does not exist on type 'SelectableArray'.
../shared/messages.ts(3,77): error TS6059: File 'C:/Users/Excel/Desktop/Github Projects/Beevo/shared/types.ts' is not under 'rootDir' 'C:/Users/Excel/Desktop/Github Projects/Beevo/server/src'. 'rootDir' is expected to contain all source files.
  The file is in the program because:
    Imported via './types' from file 'C:/Users/Excel/Desktop/Github Projects/Beevo/shared/messages.ts'
    Imported via '../../../shared/types' from file 'C:/Users/Excel/Desktop/Github Projects/Beevo/server/src/gemini/ToolHandler.ts'
    Imported via '../../../shared/types' from file 'C:/Users/Excel/Desktop/Github Projects/Beevo/server/src/services/ExecutionEngine.ts'
    Imported via '../../../shared/types' from file 'C:/Users/Excel/Desktop/Github Projects/Beevo/server/src/services/StateManager.ts'
    Imported via '../../../shared/types' from file 'C:/Users/Excel/Desktop/Github Projects/Beevo/server/src/gemini/BrainConnection.ts'
    Imported via '../../../shared/types' from file 'C:/Users/Excel/Desktop/Github Projects/Beevo/server/src/gemini/LiveConnection.ts'
    Imported via '../../../shared/types' from file 'C:/Users/Excel/Desktop/Github Projects/Beevo/server/src/state/BrandStateManager.ts'
    Imported via '../../../shared/types' from file 'C:/Users/Excel/Desktop/Github Projects/Beevo/server/src/sessions/SessionManager.ts'
    Imported via '../../../shared/types' from file 'C:/Users/Excel/Desktop/Github Projects/Beevo/server/src/services/fallback.ts'
    Imported via '../../../shared/types' from file 'C:/Users/Excel/Desktop/Github Projects/Beevo/server/src/utils/BrandExtractor.ts'
